../Core/Src/main.c:62:6:setNumberOnClock	16	static
../Core/Src/main.c:104:6:clearNumberOnClock	16	static
../Core/Src/main.c:146:6:checkLedsOnClock	16	static
../Core/Src/main.c:153:6:clearAllClock	8	static
../Core/Src/main.c:168:6:updateLedOnClock	40	static
../Core/Src/main.c:181:6:displayAnalogClock	24	static
../Core/Src/main.c:211:5:main	24	static
../Core/Src/main.c:268:6:SystemClock_Config	72	static
../Core/Src/main.c:305:13:MX_GPIO_Init	32	static
../Core/Src/main.c:342:6:Error_Handler	4	static,ignoring_inline_asm
